// Jest Snapshot v1, https://goo.gl/fbAQLP

exports[`ic-link component should get theme from context: alert-theme-context 1`] = `
<ic-alert class="dark" message="This has an action" role="alert">
  <mock:shadow-root>
    <div class="container container-neutral">
      <div class="alert-icon-container">
        <div class="divider divider-neutral"></div>
        <span class="alert-icon icon-neutral svg-container">
          svg
        </span>
      </div>
      <div class="alert-content">
        <div class="alert-message">
          <slot name="message">
            <ic-typography variant="body">
              This has an action
            </ic-typography>
          </slot>
        </div>
        <div class="alert-action-container">
          <slot name="action"></slot>
        </div>
      </div>
      <div class="dismiss-icon-container"></div>
    </div>
  </mock:shadow-root>
  <ic-link class="default link" slot="action">
    <mock:shadow-root>
      <a tabindex="-1">
        <slot></slot>
      </a>
    </mock:shadow-root>
    Theme context link
  </ic-link>
</ic-alert>
`;
