// Jest Snapshot v1, https://goo.gl/fbAQLP

exports[`ic-navigation-button should render 1`] = `
<ic-navigation-button class="ic-theme-dark" label="button1" onclick="alert('test')">
  <template shadowrootmode="open" shadowrootdelegatesfocus>
    <ic-button aria-label="button1" monochrome="" size="large" theme="dark" variant="icon-tertiary">
      <slot name="icon" slot="left-icon"></slot>
    </ic-button>
  </template>
  <svg fill="#000000" height="24px" slot="icon" viewBox="0 0 24 24" width="24px" xmlns="http://www.w3.org/2000/svg">
    <path d="M0 0h24v24H0V0z" fill="none"></path>
    <path d="M12 2C6.48 2 2 6.48 2 12s4.48 10 10 10 10-4.48 10-10S17.52 2 12 2zm0 18c-4.41 0-8-3.59-8-8s3.59-8 8-8 8 3.59 8 8-3.59 8-8 8zm-5.5-2.5l7.51-3.49L17.5 6.5 9.99 9.99 6.5 17.5zm5.5-6.6c.61 0 1.1.49 1.1 1.1s-.49 1.1-1.1 1.1-1.1-.49-1.1-1.1.49-1.1 1.1-1.1z"></path>
  </svg>
</ic-navigation-button>
`;
