// Jest Snapshot v1, https://goo.gl/fbAQLP

exports[`ic-horizontal-scroll should render the correct HTML for the chosen appearance: renders-appearance 1`] = `
<ic-horizontal-scroll>
  <mock:shadow-root>
    <div aria-hidden="true" class="disabled hidden scroll-container-left" role="tab">
      <ic-button appearance="default" aria-label="Scroll left" class="scroll-arrow" disabled="" tabindex="-1" variant="icon">
        svg
      </ic-button>
      <span class="scroll-splitter-left"></span>
    </div>
    <slot></slot>
    <div aria-hidden="true" class="hidden scroll-container-right" role="tab">
      <span class="scroll-splitter-right"></span>
      <ic-button appearance="default" aria-label="Scroll right" class="scroll-arrow" tabindex="-1" variant="icon">
        svg
      </ic-button>
    </div>
  </mock:shadow-root>
  <div>
    <ic-navigation-item class="light navigation-item" label="Test nav item 1" role="listitem">
      <mock:shadow-root>
        <ic-tooltip class="tooltip-navigation-item" label="Test nav item 1" placement="right" target="navigation-item">
          <div aria-labelledby="ic-tooltip-navigation-item" class="link" tabindex="0">
            <ic-typography variant="label">
              Test nav item 1
            </ic-typography>
          </div>
        </ic-tooltip>
      </mock:shadow-root>
    </ic-navigation-item>
    <ic-navigation-item class="light navigation-item" label="Test nav item 2" role="listitem">
      <mock:shadow-root>
        <ic-tooltip class="tooltip-navigation-item" label="Test nav item 2" placement="right" target="navigation-item">
          <div aria-labelledby="ic-tooltip-navigation-item" class="link" tabindex="0">
            <ic-typography variant="label">
              Test nav item 2
            </ic-typography>
          </div>
        </ic-tooltip>
      </mock:shadow-root>
    </ic-navigation-item>
    <ic-navigation-item class="light navigation-item" label="Test nav item 3" role="listitem">
      <mock:shadow-root>
        <ic-tooltip class="tooltip-navigation-item" label="Test nav item 3" placement="right" target="navigation-item">
          <div aria-labelledby="ic-tooltip-navigation-item" class="link" tabindex="0">
            <ic-typography variant="label">
              Test nav item 3
            </ic-typography>
          </div>
        </ic-tooltip>
      </mock:shadow-root>
    </ic-navigation-item>
    <ic-navigation-item class="light navigation-item" label="Test nav item 4" role="listitem">
      <mock:shadow-root>
        <ic-tooltip class="tooltip-navigation-item" label="Test nav item 4" placement="right" target="navigation-item">
          <div aria-labelledby="ic-tooltip-navigation-item" class="link" tabindex="0">
            <ic-typography variant="label">
              Test nav item 4
            </ic-typography>
          </div>
        </ic-tooltip>
      </mock:shadow-root>
    </ic-navigation-item>
    <ic-navigation-item class="light navigation-item" label="Test nav item 5" role="listitem">
      <mock:shadow-root>
        <ic-tooltip class="tooltip-navigation-item" label="Test nav item 5" placement="right" target="navigation-item">
          <div aria-labelledby="ic-tooltip-navigation-item" class="link" tabindex="0">
            <ic-typography variant="label">
              Test nav item 5
            </ic-typography>
          </div>
        </ic-tooltip>
      </mock:shadow-root>
    </ic-navigation-item>
    <ic-navigation-item class="light navigation-item" label="Test nav item 6" role="listitem">
      <mock:shadow-root>
        <ic-tooltip class="tooltip-navigation-item" label="Test nav item 6" placement="right" target="navigation-item">
          <div aria-labelledby="ic-tooltip-navigation-item" class="link" tabindex="0">
            <ic-typography variant="label">
              Test nav item 6
            </ic-typography>
          </div>
        </ic-tooltip>
      </mock:shadow-root>
    </ic-navigation-item>
  </div>
</ic-horizontal-scroll>
`;

exports[`ic-horizontal-scroll should render: renders 1`] = `
<ic-horizontal-scroll>
  <mock:shadow-root>
    <div aria-hidden="true" class="disabled hidden scroll-container-left" role="tab">
      <ic-button appearance="default" aria-label="Scroll left" class="scroll-arrow" disabled="" tabindex="-1" variant="icon">
        svg
      </ic-button>
      <span class="scroll-splitter-left"></span>
    </div>
    <slot></slot>
    <div aria-hidden="true" class="hidden scroll-container-right" role="tab">
      <span class="scroll-splitter-right"></span>
      <ic-button appearance="default" aria-label="Scroll right" class="scroll-arrow" tabindex="-1" variant="icon">
        svg
      </ic-button>
    </div>
  </mock:shadow-root>
  <div>
    <ic-navigation-item class="light navigation-item" label="Test nav item 1" role="listitem">
      <mock:shadow-root>
        <ic-tooltip class="tooltip-navigation-item" label="Test nav item 1" placement="right" target="navigation-item">
          <div aria-labelledby="ic-tooltip-navigation-item" class="link" tabindex="0">
            <ic-typography variant="label">
              Test nav item 1
            </ic-typography>
          </div>
        </ic-tooltip>
      </mock:shadow-root>
    </ic-navigation-item>
    <ic-navigation-item class="light navigation-item" label="Test nav item 2" role="listitem">
      <mock:shadow-root>
        <ic-tooltip class="tooltip-navigation-item" label="Test nav item 2" placement="right" target="navigation-item">
          <div aria-labelledby="ic-tooltip-navigation-item" class="link" tabindex="0">
            <ic-typography variant="label">
              Test nav item 2
            </ic-typography>
          </div>
        </ic-tooltip>
      </mock:shadow-root>
    </ic-navigation-item>
    <ic-navigation-item class="light navigation-item" label="Test nav item 3" role="listitem">
      <mock:shadow-root>
        <ic-tooltip class="tooltip-navigation-item" label="Test nav item 3" placement="right" target="navigation-item">
          <div aria-labelledby="ic-tooltip-navigation-item" class="link" tabindex="0">
            <ic-typography variant="label">
              Test nav item 3
            </ic-typography>
          </div>
        </ic-tooltip>
      </mock:shadow-root>
    </ic-navigation-item>
    <ic-navigation-item class="light navigation-item" label="Test nav item 4" role="listitem">
      <mock:shadow-root>
        <ic-tooltip class="tooltip-navigation-item" label="Test nav item 4" placement="right" target="navigation-item">
          <div aria-labelledby="ic-tooltip-navigation-item" class="link" tabindex="0">
            <ic-typography variant="label">
              Test nav item 4
            </ic-typography>
          </div>
        </ic-tooltip>
      </mock:shadow-root>
    </ic-navigation-item>
    <ic-navigation-item class="light navigation-item" label="Test nav item 5" role="listitem">
      <mock:shadow-root>
        <ic-tooltip class="tooltip-navigation-item" label="Test nav item 5" placement="right" target="navigation-item">
          <div aria-labelledby="ic-tooltip-navigation-item" class="link" tabindex="0">
            <ic-typography variant="label">
              Test nav item 5
            </ic-typography>
          </div>
        </ic-tooltip>
      </mock:shadow-root>
    </ic-navigation-item>
    <ic-navigation-item class="light navigation-item" label="Test nav item 6" role="listitem">
      <mock:shadow-root>
        <ic-tooltip class="tooltip-navigation-item" label="Test nav item 6" placement="right" target="navigation-item">
          <div aria-labelledby="ic-tooltip-navigation-item" class="link" tabindex="0">
            <ic-typography variant="label">
              Test nav item 6
            </ic-typography>
          </div>
        </ic-tooltip>
      </mock:shadow-root>
    </ic-navigation-item>
  </div>
</ic-horizontal-scroll>
`;
