// Jest Snapshot v1, https://goo.gl/fbAQLP

exports[`ic-hero component should render small: renders-small-variant 1`] = `
<ic-hero class="small" heading="Test title" small="" subheading="Test text">
  <mock:shadow-root>
    <ic-section-container aligned="left" class="section-container" fullheight="">
      <div class="left-container left-container-full-width">
        <div class="heading">
          <slot name="heading">
            <ic-typography variant="h2">
              Test title
            </ic-typography>
          </slot>
        </div>
        <div class="subheading">
          <slot name="subheading">
            <ic-typography variant="body">
              Test text
            </ic-typography>
          </slot>
        </div>
        <div class="interaction-container">
          <slot name="interaction"></slot>
        </div>
      </div>
    </ic-section-container>
  </mock:shadow-root>
</ic-hero>
`;

exports[`ic-hero component should render with a background image when given: renders-with-background-image 1`] = `
<ic-hero background-image="test.png" class="has-background-image" heading="Test title" subheading="Test text" style="background-image: url(test.png); background-position: right -100px;">
  <mock:shadow-root>
    <ic-section-container aligned="left" class="section-container" fullheight="">
      <div class="left-container left-container-full-width">
        <div class="heading">
          <slot name="heading">
            <ic-typography class="heading-bottom-spacing" variant="h1">
              Test title
            </ic-typography>
          </slot>
        </div>
        <div class="subheading">
          <slot name="subheading">
            <ic-typography variant="body">
              Test text
            </ic-typography>
          </slot>
        </div>
        <div class="interaction-container">
          <slot name="interaction"></slot>
        </div>
      </div>
      <div class="right-container">
        <slot name="secondary"></slot>
      </div>
    </ic-section-container>
  </mock:shadow-root>
  <ic-card heading="Test card" slot="secondary"></ic-card>
</ic-hero>
`;

exports[`ic-hero component should render with a secondary heading: renders-with-secondary-heading 1`] = `
<ic-hero class="secondary-heading" heading="Test title" secondary-heading="Test title" secondary-subheading="Test text" subheading="Test text">
  <mock:shadow-root>
    <ic-section-container aligned="left" class="section-container" fullheight="">
      <div class="left-container">
        <div class="heading">
          <slot name="heading">
            <ic-typography class="heading-bottom-spacing" variant="h1">
              Test title
            </ic-typography>
          </slot>
        </div>
        <div class="subheading">
          <slot name="subheading">
            <ic-typography variant="body">
              Test text
            </ic-typography>
          </slot>
        </div>
        <div class="interaction-container">
          <slot name="interaction"></slot>
        </div>
      </div>
      <div class="right-container">
        <slot name="secondary">
          <div class="secondary-container">
            <div class="secondary-heading">
              <ic-typography variant="h4">
                Test title
              </ic-typography>
            </div>
            <div class="secondary-subheading">
              <ic-typography variant="subtitle-small">
                Test text
              </ic-typography>
            </div>
          </div>
        </slot>
      </div>
    </ic-section-container>
  </mock:shadow-root>
</ic-hero>
`;

exports[`ic-hero component should render with interaction content: renders-with-interaction-content 1`] = `
<ic-hero heading="Test title" subheading="Test text">
  <mock:shadow-root>
    <ic-section-container aligned="left" class="section-container" fullheight="">
      <div class="left-container left-container-full-width">
        <div class="heading">
          <slot name="heading">
            <ic-typography class="heading-bottom-spacing" variant="h1">
              Test title
            </ic-typography>
          </slot>
        </div>
        <div class="subheading">
          <slot name="subheading">
            <ic-typography variant="body">
              Test text
            </ic-typography>
          </slot>
        </div>
        <div class="interaction-container">
          <slot name="interaction"></slot>
        </div>
      </div>
    </ic-section-container>
  </mock:shadow-root>
  <ic-button slot="interaction">
    Button
  </ic-button>
</ic-hero>
`;

exports[`ic-hero component should render with secondary content: renders-with-secondary-content 1`] = `
<ic-hero heading="Test title" subheading="Test text">
  <mock:shadow-root>
    <ic-section-container aligned="left" class="section-container" fullheight="">
      <div class="left-container left-container-full-width">
        <div class="heading">
          <slot name="heading">
            <ic-typography class="heading-bottom-spacing" variant="h1">
              Test title
            </ic-typography>
          </slot>
        </div>
        <div class="subheading">
          <slot name="subheading">
            <ic-typography variant="body">
              Test text
            </ic-typography>
          </slot>
        </div>
        <div class="interaction-container">
          <slot name="interaction"></slot>
        </div>
      </div>
      <div class="right-container">
        <slot name="secondary"></slot>
      </div>
    </ic-section-container>
  </mock:shadow-root>
  <ic-card heading="Test card" slot="secondary"></ic-card>
</ic-hero>
`;

exports[`ic-hero component should render: renders 1`] = `
<ic-hero heading="Test title" subheading="Test text">
  <mock:shadow-root>
    <ic-section-container aligned="left" class="section-container" fullheight="">
      <div class="left-container left-container-full-width">
        <div class="heading">
          <slot name="heading">
            <ic-typography class="heading-bottom-spacing" variant="h1">
              Test title
            </ic-typography>
          </slot>
        </div>
        <div class="subheading">
          <slot name="subheading">
            <ic-typography variant="body">
              Test text
            </ic-typography>
          </slot>
        </div>
        <div class="interaction-container">
          <slot name="interaction"></slot>
        </div>
      </div>
    </ic-section-container>
  </mock:shadow-root>
</ic-hero>
`;

exports[`ic-hero component should use not parallax on scroll when a background image is given, but parallax disabled: renders-with-parallax-on-scroll-disabled 1`] = `
<ic-hero background-image="test.png" class="has-background-image" disable-background-parallax="" heading="Test title" subheading="Test text" style="background-image: url(test.png); background-position: right -100px;">
  <mock:shadow-root>
    <ic-section-container aligned="left" class="section-container" fullheight="">
      <div class="left-container left-container-full-width">
        <div class="heading">
          <slot name="heading">
            <ic-typography class="heading-bottom-spacing" variant="h1">
              Test title
            </ic-typography>
          </slot>
        </div>
        <div class="subheading">
          <slot name="subheading">
            <ic-typography variant="body">
              Test text
            </ic-typography>
          </slot>
        </div>
        <div class="interaction-container">
          <slot name="interaction"></slot>
        </div>
      </div>
      <div class="right-container">
        <slot name="secondary"></slot>
      </div>
    </ic-section-container>
  </mock:shadow-root>
  <ic-card heading="Test card" slot="secondary"></ic-card>
</ic-hero>
`;

exports[`ic-hero component should use parallax on scroll when a background image is given: renders-with-parallax-on-scroll 1`] = `
<ic-hero background-image="test.png" class="has-background-image" heading="Test title" subheading="Test text" style="background-image: url(test.png); background-position: right -80px;">
  <mock:shadow-root>
    <ic-section-container aligned="left" class="section-container" fullheight="">
      <div class="left-container left-container-full-width">
        <div class="heading">
          <slot name="heading">
            <ic-typography class="heading-bottom-spacing" variant="h1">
              Test title
            </ic-typography>
          </slot>
        </div>
        <div class="subheading">
          <slot name="subheading">
            <ic-typography variant="body">
              Test text
            </ic-typography>
          </slot>
        </div>
        <div class="interaction-container">
          <slot name="interaction"></slot>
        </div>
      </div>
      <div class="right-container">
        <slot name="secondary"></slot>
      </div>
    </ic-section-container>
  </mock:shadow-root>
  <ic-card heading="Test card" slot="secondary"></ic-card>
</ic-hero>
`;
